running egg_info
creating ../../build/scara_robot/scara_robot.egg-info
writing ../../build/scara_robot/scara_robot.egg-info/PKG-INFO
writing dependency_links to ../../build/scara_robot/scara_robot.egg-info/dependency_links.txt
writing entry points to ../../build/scara_robot/scara_robot.egg-info/entry_points.txt
writing requirements to ../../build/scara_robot/scara_robot.egg-info/requires.txt
writing top-level names to ../../build/scara_robot/scara_robot.egg-info/top_level.txt
writing manifest file '../../build/scara_robot/scara_robot.egg-info/SOURCES.txt'
reading manifest file '../../build/scara_robot/scara_robot.egg-info/SOURCES.txt'
writing manifest file '../../build/scara_robot/scara_robot.egg-info/SOURCES.txt'
running build
running build_py
creating /home/robousr/scara_project/build/scara_robot/build
creating /home/robousr/scara_project/build/scara_robot/build/lib
creating /home/robousr/scara_project/build/scara_robot/build/lib/scara_robot
copying scara_robot/__init__.py -> /home/robousr/scara_project/build/scara_robot/build/lib/scara_robot
copying scara_robot/move_scara.py -> /home/robousr/scara_project/build/scara_robot/build/lib/scara_robot
running install
running install_lib
creating /home/robousr/scara_project/install/scara_robot/lib/python3.10/site-packages/scara_robot
copying /home/robousr/scara_project/build/scara_robot/build/lib/scara_robot/__init__.py -> /home/robousr/scara_project/install/scara_robot/lib/python3.10/site-packages/scara_robot
copying /home/robousr/scara_project/build/scara_robot/build/lib/scara_robot/move_scara.py -> /home/robousr/scara_project/install/scara_robot/lib/python3.10/site-packages/scara_robot
byte-compiling /home/robousr/scara_project/install/scara_robot/lib/python3.10/site-packages/scara_robot/__init__.py to __init__.cpython-310.pyc
byte-compiling /home/robousr/scara_project/install/scara_robot/lib/python3.10/site-packages/scara_robot/move_scara.py to move_scara.cpython-310.pyc
running install_data
creating /home/robousr/scara_project/install/scara_robot/share/ament_index
creating /home/robousr/scara_project/install/scara_robot/share/ament_index/resource_index
creating /home/robousr/scara_project/install/scara_robot/share/ament_index/resource_index/packages
