[1.273s] Invoking command in '/home/robousr/scara_project/src/scara_robot': PYTHONPATH=/home/robousr/scara_project/build/scara_robot/prefix_override:/usr/lib/python3/dist-packages/colcon_core/task/python/colcon_distutils_commands:/home/robousr/scara_project/install/scara_robot/lib/python3.10/site-packages:${PYTHONPATH} /usr/bin/python3 -W ignore:setup.py install is deprecated -W ignore:easy_install command is deprecated setup.py egg_info --egg-base ../../build/scara_robot build --build-base /home/robousr/scara_project/build/scara_robot/build install --record /home/robousr/scara_project/build/scara_robot/install.log --single-version-externally-managed install_data
[1.560s] running egg_info
[1.561s] creating ../../build/scara_robot/scara_robot.egg-info
[1.561s] writing ../../build/scara_robot/scara_robot.egg-info/PKG-INFO
[1.561s] writing dependency_links to ../../build/scara_robot/scara_robot.egg-info/dependency_links.txt
[1.561s] writing entry points to ../../build/scara_robot/scara_robot.egg-info/entry_points.txt
[1.561s] writing requirements to ../../build/scara_robot/scara_robot.egg-info/requires.txt
[1.561s] writing top-level names to ../../build/scara_robot/scara_robot.egg-info/top_level.txt
[1.561s] writing manifest file '../../build/scara_robot/scara_robot.egg-info/SOURCES.txt'
[1.563s] reading manifest file '../../build/scara_robot/scara_robot.egg-info/SOURCES.txt'
[1.565s] writing manifest file '../../build/scara_robot/scara_robot.egg-info/SOURCES.txt'
[1.565s] running build
[1.565s] running build_py
[1.565s] creating /home/robousr/scara_project/build/scara_robot/build
[1.565s] creating /home/robousr/scara_project/build/scara_robot/build/lib
[1.565s] creating /home/robousr/scara_project/build/scara_robot/build/lib/scara_robot
[1.565s] copying scara_robot/__init__.py -> /home/robousr/scara_project/build/scara_robot/build/lib/scara_robot
[1.565s] copying scara_robot/move_scara.py -> /home/robousr/scara_project/build/scara_robot/build/lib/scara_robot
[1.566s] running install
[1.566s] running install_lib
[1.567s] creating /home/robousr/scara_project/install/scara_robot/lib/python3.10/site-packages/scara_robot
[1.567s] copying /home/robousr/scara_project/build/scara_robot/build/lib/scara_robot/__init__.py -> /home/robousr/scara_project/install/scara_robot/lib/python3.10/site-packages/scara_robot
[1.567s] copying /home/robousr/scara_project/build/scara_robot/build/lib/scara_robot/move_scara.py -> /home/robousr/scara_project/install/scara_robot/lib/python3.10/site-packages/scara_robot
[1.568s] byte-compiling /home/robousr/scara_project/install/scara_robot/lib/python3.10/site-packages/scara_robot/__init__.py to __init__.cpython-310.pyc
[1.568s] byte-compiling /home/robousr/scara_project/install/scara_robot/lib/python3.10/site-packages/scara_robot/move_scara.py to move_scara.cpython-310.pyc
[1.568s] running install_data
[1.569s] creating /home/robousr/scara_project/install/scara_robot/share/ament_index
[1.569s] creating /home/robousr/scara_project/install/scara_robot/share/ament_index/resource_index
[1.569s] creating /home/robousr/scara_project/install/scara_robot/share/ament_index/resource_index/packages
[1.570s] error: can't copy 'resource/scara_robot': doesn't exist or not a regular file
[1.591s] Invoked command in '/home/robousr/scara_project/src/scara_robot' returned '1': PYTHONPATH=/home/robousr/scara_project/build/scara_robot/prefix_override:/usr/lib/python3/dist-packages/colcon_core/task/python/colcon_distutils_commands:/home/robousr/scara_project/install/scara_robot/lib/python3.10/site-packages:${PYTHONPATH} /usr/bin/python3 -W ignore:setup.py install is deprecated -W ignore:easy_install command is deprecated setup.py egg_info --egg-base ../../build/scara_robot build --build-base /home/robousr/scara_project/build/scara_robot/build install --record /home/robousr/scara_project/build/scara_robot/install.log --single-version-externally-managed install_data
