running egg_info
writing ../../build/scara_robot/scara_robot.egg-info/PKG-INFO
writing dependency_links to ../../build/scara_robot/scara_robot.egg-info/dependency_links.txt
writing entry points to ../../build/scara_robot/scara_robot.egg-info/entry_points.txt
writing requirements to ../../build/scara_robot/scara_robot.egg-info/requires.txt
writing top-level names to ../../build/scara_robot/scara_robot.egg-info/top_level.txt
reading manifest file '../../build/scara_robot/scara_robot.egg-info/SOURCES.txt'
writing manifest file '../../build/scara_robot/scara_robot.egg-info/SOURCES.txt'
running build
running build_py
running install
running install_lib
running install_data
copying resource/scara_robot -> /home/robousr/scara_project/install/scara_robot/share/ament_index/resource_index/packages
copying package.xml -> /home/robousr/scara_project/install/scara_robot/share/scara_robot
creating /home/robousr/scara_project/install/scara_robot/share/scara_robot/launch
creating /home/robousr/scara_project/install/scara_robot/share/scara_robot/urdf
copying urdf/scara.urdf -> /home/robousr/scara_project/install/scara_robot/share/scara_robot/urdf
creating /home/robousr/scara_project/install/scara_robot/share/scara_robot/rviz
copying rviz/scara.rviz -> /home/robousr/scara_project/install/scara_robot/share/scara_robot/rviz
running install_egg_info
Copying ../../build/scara_robot/scara_robot.egg-info to /home/robousr/scara_project/install/scara_robot/lib/python3.10/site-packages/scara_robot-1.0.0-py3.10.egg-info
running install_scripts
Installing move_scara script to /home/robousr/scara_project/install/scara_robot/bin
writing list of installed files to '/home/robousr/scara_project/build/scara_robot/install.log'
