[0.803s] Invoking command in '/home/robousr/scara_project/src/scara_robot': PYTHONPATH=/home/robousr/scara_project/build/scara_robot/prefix_override:/usr/lib/python3/dist-packages/colcon_core/task/python/colcon_distutils_commands:/home/robousr/scara_project/install/scara_robot/lib/python3.10/site-packages:${PYTHONPATH} /usr/bin/python3 -W ignore:setup.py install is deprecated -W ignore:easy_install command is deprecated setup.py egg_info --egg-base ../../build/scara_robot build --build-base /home/robousr/scara_project/build/scara_robot/build install --record /home/robousr/scara_project/build/scara_robot/install.log --single-version-externally-managed install_data
[1.097s] running egg_info
[1.097s] writing ../../build/scara_robot/scara_robot.egg-info/PKG-INFO
[1.098s] writing dependency_links to ../../build/scara_robot/scara_robot.egg-info/dependency_links.txt
[1.099s] writing entry points to ../../build/scara_robot/scara_robot.egg-info/entry_points.txt
[1.099s] writing requirements to ../../build/scara_robot/scara_robot.egg-info/requires.txt
[1.099s] writing top-level names to ../../build/scara_robot/scara_robot.egg-info/top_level.txt
[1.101s] reading manifest file '../../build/scara_robot/scara_robot.egg-info/SOURCES.txt'
[1.102s] writing manifest file '../../build/scara_robot/scara_robot.egg-info/SOURCES.txt'
[1.103s] running build
[1.103s] running build_py
[1.103s] running install
[1.104s] running install_lib
[1.105s] running install_data
[1.105s] copying resource/scara_robot -> /home/robousr/scara_project/install/scara_robot/share/ament_index/resource_index/packages
[1.105s] copying package.xml -> /home/robousr/scara_project/install/scara_robot/share/scara_robot
[1.106s] creating /home/robousr/scara_project/install/scara_robot/share/scara_robot/launch
[1.106s] creating /home/robousr/scara_project/install/scara_robot/share/scara_robot/urdf
[1.106s] copying urdf/scara.urdf -> /home/robousr/scara_project/install/scara_robot/share/scara_robot/urdf
[1.108s] creating /home/robousr/scara_project/install/scara_robot/share/scara_robot/rviz
[1.108s] copying rviz/scara.rviz -> /home/robousr/scara_project/install/scara_robot/share/scara_robot/rviz
[1.109s] running install_egg_info
[1.110s] Copying ../../build/scara_robot/scara_robot.egg-info to /home/robousr/scara_project/install/scara_robot/lib/python3.10/site-packages/scara_robot-1.0.0-py3.10.egg-info
[1.111s] running install_scripts
[1.132s] Installing move_scara script to /home/robousr/scara_project/install/scara_robot/bin
[1.132s] writing list of installed files to '/home/robousr/scara_project/build/scara_robot/install.log'
[1.166s] Invoked command in '/home/robousr/scara_project/src/scara_robot' returned '0': PYTHONPATH=/home/robousr/scara_project/build/scara_robot/prefix_override:/usr/lib/python3/dist-packages/colcon_core/task/python/colcon_distutils_commands:/home/robousr/scara_project/install/scara_robot/lib/python3.10/site-packages:${PYTHONPATH} /usr/bin/python3 -W ignore:setup.py install is deprecated -W ignore:easy_install command is deprecated setup.py egg_info --egg-base ../../build/scara_robot build --build-base /home/robousr/scara_project/build/scara_robot/build install --record /home/robousr/scara_project/build/scara_robot/install.log --single-version-externally-managed install_data
