[0.118s] DEBUG:colcon:Command line arguments: ['/usr/bin/colcon', 'build', '--packages-select', 'scara_robot']
[0.118s] DEBUG:colcon:Parsed command line arguments: Namespace(log_base=None, log_level=None, verb_name='build', build_base='build', install_base='install', merge_install=False, symlink_install=False, test_result_base=None, continue_on_error=False, executor='parallel', parallel_workers=4, event_handlers=None, ignore_user_meta=False, metas=['./colcon.meta'], base_paths=['.'], packages_ignore=None, packages_ignore_regex=None, paths=None, packages_up_to=None, packages_up_to_regex=None, packages_above=None, packages_above_and_dependencies=None, packages_above_depth=None, packages_select_by_dep=None, packages_skip_by_dep=None, packages_skip_up_to=None, packages_select_build_failed=False, packages_skip_build_finished=False, packages_select_test_failures=False, packages_skip_test_passed=False, packages_select=['scara_robot'], packages_skip=None, packages_select_regex=None, packages_skip_regex=None, packages_start=None, packages_end=None, allow_overriding=[], cmake_args=None, cmake_target=None, cmake_target_skip_unavailable=False, cmake_clean_cache=False, cmake_clean_first=False, cmake_force_configure=False, ament_cmake_args=None, catkin_cmake_args=None, catkin_skip_building_tests=False, mixin_files=None, mixin=None, verb_parser=<colcon_mixin.mixin.mixin_argument.MixinArgumentDecorator object at 0x7e213b56bb20>, verb_extension=<colcon_core.verb.build.BuildVerb object at 0x7e213b56b5e0>, main=<bound method BuildVerb.main of <colcon_core.verb.build.BuildVerb object at 0x7e213b56b5e0>>, mixin_verb=('build',))
[0.330s] Level 1:colcon.colcon_core.package_discovery:discover_packages(colcon_meta) check parameters
[0.330s] Level 1:colcon.colcon_core.package_discovery:discover_packages(recursive) check parameters
[0.330s] Level 1:colcon.colcon_core.package_discovery:discover_packages(ignore) check parameters
[0.330s] Level 1:colcon.colcon_core.package_discovery:discover_packages(path) check parameters
[0.330s] Level 1:colcon.colcon_core.package_discovery:discover_packages(colcon_meta) discover
[0.330s] Level 1:colcon.colcon_core.package_discovery:discover_packages(recursive) discover
[0.330s] INFO:colcon.colcon_core.package_discovery:Crawling recursively for packages in '/home/robousr/scara_project'
[0.331s] Level 1:colcon.colcon_core.package_identification:_identify(.) by extensions ['ignore', 'ignore_ament_install']
[0.331s] Level 1:colcon.colcon_core.package_identification:_identify(.) by extension 'ignore'
[0.331s] Level 1:colcon.colcon_core.package_identification:_identify(.) by extension 'ignore_ament_install'
[0.331s] Level 1:colcon.colcon_core.package_identification:_identify(.) by extensions ['colcon_pkg']
[0.331s] Level 1:colcon.colcon_core.package_identification:_identify(.) by extension 'colcon_pkg'
[0.331s] Level 1:colcon.colcon_core.package_identification:_identify(.) by extensions ['colcon_meta']
[0.331s] Level 1:colcon.colcon_core.package_identification:_identify(.) by extension 'colcon_meta'
[0.331s] Level 1:colcon.colcon_core.package_identification:_identify(.) by extensions ['ros']
[0.331s] Level 1:colcon.colcon_core.package_identification:_identify(.) by extension 'ros'
[0.352s] Level 1:colcon.colcon_core.package_identification:_identify(.) by extensions ['cmake', 'python']
[0.353s] Level 1:colcon.colcon_core.package_identification:_identify(.) by extension 'cmake'
[0.353s] Level 1:colcon.colcon_core.package_identification:_identify(.) by extension 'python'
[0.353s] Level 1:colcon.colcon_core.package_identification:_identify(.) by extensions ['python_setup_py']
[0.353s] Level 1:colcon.colcon_core.package_identification:_identify(.) by extension 'python_setup_py'
[0.353s] Level 1:colcon.colcon_core.package_identification:_identify(build) by extensions ['ignore', 'ignore_ament_install']
[0.353s] Level 1:colcon.colcon_core.package_identification:_identify(build) by extension 'ignore'
[0.353s] Level 1:colcon.colcon_core.package_identification:_identify(build) ignored
[0.353s] Level 1:colcon.colcon_core.package_identification:_identify(install) by extensions ['ignore', 'ignore_ament_install']
[0.353s] Level 1:colcon.colcon_core.package_identification:_identify(install) by extension 'ignore'
[0.353s] Level 1:colcon.colcon_core.package_identification:_identify(install) ignored
[0.353s] Level 1:colcon.colcon_core.package_identification:_identify(log) by extensions ['ignore', 'ignore_ament_install']
[0.353s] Level 1:colcon.colcon_core.package_identification:_identify(log) by extension 'ignore'
[0.353s] Level 1:colcon.colcon_core.package_identification:_identify(log) ignored
[0.354s] Level 1:colcon.colcon_core.package_identification:_identify(src) by extensions ['ignore', 'ignore_ament_install']
[0.354s] Level 1:colcon.colcon_core.package_identification:_identify(src) by extension 'ignore'
[0.354s] Level 1:colcon.colcon_core.package_identification:_identify(src) by extension 'ignore_ament_install'
[0.354s] Level 1:colcon.colcon_core.package_identification:_identify(src) by extensions ['colcon_pkg']
[0.354s] Level 1:colcon.colcon_core.package_identification:_identify(src) by extension 'colcon_pkg'
[0.354s] Level 1:colcon.colcon_core.package_identification:_identify(src) by extensions ['colcon_meta']
[0.354s] Level 1:colcon.colcon_core.package_identification:_identify(src) by extension 'colcon_meta'
[0.354s] Level 1:colcon.colcon_core.package_identification:_identify(src) by extensions ['ros']
[0.354s] Level 1:colcon.colcon_core.package_identification:_identify(src) by extension 'ros'
[0.354s] Level 1:colcon.colcon_core.package_identification:_identify(src) by extensions ['cmake', 'python']
[0.354s] Level 1:colcon.colcon_core.package_identification:_identify(src) by extension 'cmake'
[0.354s] Level 1:colcon.colcon_core.package_identification:_identify(src) by extension 'python'
[0.354s] Level 1:colcon.colcon_core.package_identification:_identify(src) by extensions ['python_setup_py']
[0.354s] Level 1:colcon.colcon_core.package_identification:_identify(src) by extension 'python_setup_py'
[0.354s] Level 1:colcon.colcon_core.package_identification:_identify(src/scara_robot) by extensions ['ignore', 'ignore_ament_install']
[0.354s] Level 1:colcon.colcon_core.package_identification:_identify(src/scara_robot) by extension 'ignore'
[0.354s] Level 1:colcon.colcon_core.package_identification:_identify(src/scara_robot) by extension 'ignore_ament_install'
[0.354s] Level 1:colcon.colcon_core.package_identification:_identify(src/scara_robot) by extensions ['colcon_pkg']
[0.354s] Level 1:colcon.colcon_core.package_identification:_identify(src/scara_robot) by extension 'colcon_pkg'
[0.354s] Level 1:colcon.colcon_core.package_identification:_identify(src/scara_robot) by extensions ['colcon_meta']
[0.354s] Level 1:colcon.colcon_core.package_identification:_identify(src/scara_robot) by extension 'colcon_meta'
[0.354s] Level 1:colcon.colcon_core.package_identification:_identify(src/scara_robot) by extensions ['ros']
[0.355s] Level 1:colcon.colcon_core.package_identification:_identify(src/scara_robot) by extension 'ros'
[0.357s] DEBUG:colcon.colcon_core.package_identification:Package 'src/scara_robot' with type 'ros.ament_python' and name 'scara_robot'
[0.357s] Level 1:colcon.colcon_core.package_discovery:discover_packages(recursive) using defaults
[0.357s] Level 1:colcon.colcon_core.package_discovery:discover_packages(ignore) discover
[0.357s] Level 1:colcon.colcon_core.package_discovery:discover_packages(ignore) using defaults
[0.357s] Level 1:colcon.colcon_core.package_discovery:discover_packages(path) discover
[0.357s] Level 1:colcon.colcon_core.package_discovery:discover_packages(path) using defaults
[0.376s] Level 1:colcon.colcon_core.package_discovery:discover_packages(prefix_path) check parameters
[0.376s] Level 1:colcon.colcon_core.package_discovery:discover_packages(prefix_path) discover
[0.380s] DEBUG:colcon.colcon_installed_package_information.package_discovery:Found 432 installed packages in /opt/ros/humble
[0.383s] Level 1:colcon.colcon_core.package_discovery:discover_packages(prefix_path) using defaults
[0.434s] Level 5:colcon.colcon_core.verb:set package 'scara_robot' build argument 'cmake_args' from command line to 'None'
[0.435s] Level 5:colcon.colcon_core.verb:set package 'scara_robot' build argument 'cmake_target' from command line to 'None'
[0.435s] Level 5:colcon.colcon_core.verb:set package 'scara_robot' build argument 'cmake_target_skip_unavailable' from command line to 'False'
[0.435s] Level 5:colcon.colcon_core.verb:set package 'scara_robot' build argument 'cmake_clean_cache' from command line to 'False'
[0.435s] Level 5:colcon.colcon_core.verb:set package 'scara_robot' build argument 'cmake_clean_first' from command line to 'False'
[0.435s] Level 5:colcon.colcon_core.verb:set package 'scara_robot' build argument 'cmake_force_configure' from command line to 'False'
[0.435s] Level 5:colcon.colcon_core.verb:set package 'scara_robot' build argument 'ament_cmake_args' from command line to 'None'
[0.435s] Level 5:colcon.colcon_core.verb:set package 'scara_robot' build argument 'catkin_cmake_args' from command line to 'None'
[0.435s] Level 5:colcon.colcon_core.verb:set package 'scara_robot' build argument 'catkin_skip_building_tests' from command line to 'False'
[0.435s] DEBUG:colcon.colcon_core.verb:Building package 'scara_robot' with the following arguments: {'ament_cmake_args': None, 'build_base': '/home/robousr/scara_project/build/scara_robot', 'catkin_cmake_args': None, 'catkin_skip_building_tests': False, 'cmake_args': None, 'cmake_clean_cache': False, 'cmake_clean_first': False, 'cmake_force_configure': False, 'cmake_target': None, 'cmake_target_skip_unavailable': False, 'install_base': '/home/robousr/scara_project/install/scara_robot', 'merge_install': False, 'path': '/home/robousr/scara_project/src/scara_robot', 'symlink_install': False, 'test_result_base': None}
[0.435s] INFO:colcon.colcon_core.executor:Executing jobs using 'parallel' executor
[0.436s] DEBUG:colcon.colcon_parallel_executor.executor.parallel:run_until_complete
[0.436s] INFO:colcon.colcon_ros.task.ament_python.build:Building ROS package in '/home/robousr/scara_project/src/scara_robot' with build type 'ament_python'
[0.436s] Level 1:colcon.colcon_core.shell:create_environment_hook('scara_robot', 'ament_prefix_path')
[0.439s] INFO:colcon.colcon_core.plugin_system:Skipping extension 'colcon_core.shell.bat': Not used on non-Windows systems
[0.439s] INFO:colcon.colcon_core.shell:Creating environment hook '/home/robousr/scara_project/install/scara_robot/share/scara_robot/hook/ament_prefix_path.ps1'
[0.440s] INFO:colcon.colcon_core.shell:Creating environment descriptor '/home/robousr/scara_project/install/scara_robot/share/scara_robot/hook/ament_prefix_path.dsv'
[0.441s] INFO:colcon.colcon_core.shell:Creating environment hook '/home/robousr/scara_project/install/scara_robot/share/scara_robot/hook/ament_prefix_path.sh'
[0.441s] INFO:colcon.colcon_core.shell:Skip shell extension 'powershell' for command environment: Not usable outside of PowerShell
[0.441s] DEBUG:colcon.colcon_core.shell:Skip shell extension 'dsv' for command environment
[0.777s] INFO:colcon.colcon_core.task.python.build:Building Python package in '/home/robousr/scara_project/src/scara_robot'
[0.778s] INFO:colcon.colcon_core.shell:Skip shell extension 'powershell' for command environment: Not usable outside of PowerShell
[0.778s] DEBUG:colcon.colcon_core.shell:Skip shell extension 'dsv' for command environment
[1.240s] DEBUG:colcon.colcon_core.event_handler.log_command:Invoking command in '/home/robousr/scara_project/src/scara_robot': PYTHONPATH=/home/robousr/scara_project/build/scara_robot/prefix_override:/usr/lib/python3/dist-packages/colcon_core/task/python/colcon_distutils_commands:/home/robousr/scara_project/install/scara_robot/lib/python3.10/site-packages:${PYTHONPATH} /usr/bin/python3 -W ignore:setup.py install is deprecated -W ignore:easy_install command is deprecated setup.py egg_info --egg-base ../../build/scara_robot build --build-base /home/robousr/scara_project/build/scara_robot/build install --record /home/robousr/scara_project/build/scara_robot/install.log --single-version-externally-managed install_data
[1.603s] DEBUG:colcon.colcon_core.event_handler.log_command:Invoked command in '/home/robousr/scara_project/src/scara_robot' returned '0': PYTHONPATH=/home/robousr/scara_project/build/scara_robot/prefix_override:/usr/lib/python3/dist-packages/colcon_core/task/python/colcon_distutils_commands:/home/robousr/scara_project/install/scara_robot/lib/python3.10/site-packages:${PYTHONPATH} /usr/bin/python3 -W ignore:setup.py install is deprecated -W ignore:easy_install command is deprecated setup.py egg_info --egg-base ../../build/scara_robot build --build-base /home/robousr/scara_project/build/scara_robot/build install --record /home/robousr/scara_project/build/scara_robot/install.log --single-version-externally-managed install_data
[1.628s] Level 1:colcon.colcon_core.environment:checking '/home/robousr/scara_project/install/scara_robot' for CMake module files
[1.628s] Level 1:colcon.colcon_core.environment:checking '/home/robousr/scara_project/install/scara_robot' for CMake config files
[1.629s] Level 1:colcon.colcon_core.environment:checking '/home/robousr/scara_project/install/scara_robot/lib'
[1.629s] Level 1:colcon.colcon_core.environment:checking '/home/robousr/scara_project/install/scara_robot/bin'
[1.629s] Level 1:colcon.colcon_core.shell:create_environment_hook('scara_robot', 'path')
[1.629s] INFO:colcon.colcon_core.shell:Creating environment hook '/home/robousr/scara_project/install/scara_robot/share/scara_robot/hook/path.ps1'
[1.630s] INFO:colcon.colcon_core.shell:Creating environment descriptor '/home/robousr/scara_project/install/scara_robot/share/scara_robot/hook/path.dsv'
[1.630s] INFO:colcon.colcon_core.shell:Creating environment hook '/home/robousr/scara_project/install/scara_robot/share/scara_robot/hook/path.sh'
[1.630s] Level 1:colcon.colcon_core.environment:checking '/home/robousr/scara_project/install/scara_robot/lib/pkgconfig/scara_robot.pc'
[1.630s] Level 1:colcon.colcon_core.environment:checking '/home/robousr/scara_project/install/scara_robot/lib/python3.10/site-packages'
[1.631s] Level 1:colcon.colcon_core.shell:create_environment_hook('scara_robot', 'pythonpath')
[1.631s] INFO:colcon.colcon_core.shell:Creating environment hook '/home/robousr/scara_project/install/scara_robot/share/scara_robot/hook/pythonpath.ps1'
[1.631s] INFO:colcon.colcon_core.shell:Creating environment descriptor '/home/robousr/scara_project/install/scara_robot/share/scara_robot/hook/pythonpath.dsv'
[1.631s] INFO:colcon.colcon_core.shell:Creating environment hook '/home/robousr/scara_project/install/scara_robot/share/scara_robot/hook/pythonpath.sh'
[1.632s] Level 1:colcon.colcon_core.environment:checking '/home/robousr/scara_project/install/scara_robot/bin'
[1.632s] Level 1:colcon.colcon_core.shell:create_environment_hook('scara_robot', 'pythonscriptspath')
[1.632s] INFO:colcon.colcon_core.shell:Creating environment hook '/home/robousr/scara_project/install/scara_robot/share/scara_robot/hook/pythonscriptspath.ps1'
[1.632s] INFO:colcon.colcon_core.shell:Creating environment descriptor '/home/robousr/scara_project/install/scara_robot/share/scara_robot/hook/pythonscriptspath.dsv'
[1.633s] INFO:colcon.colcon_core.shell:Creating environment hook '/home/robousr/scara_project/install/scara_robot/share/scara_robot/hook/pythonscriptspath.sh'
[1.633s] Level 1:colcon.colcon_core.environment:create_environment_scripts_only(scara_robot)
[1.634s] INFO:colcon.colcon_core.shell:Creating package script '/home/robousr/scara_project/install/scara_robot/share/scara_robot/package.ps1'
[1.636s] INFO:colcon.colcon_core.shell:Creating package descriptor '/home/robousr/scara_project/install/scara_robot/share/scara_robot/package.dsv'
[1.638s] INFO:colcon.colcon_core.shell:Creating package script '/home/robousr/scara_project/install/scara_robot/share/scara_robot/package.sh'
[1.639s] INFO:colcon.colcon_core.shell:Creating package script '/home/robousr/scara_project/install/scara_robot/share/scara_robot/package.bash'
[1.641s] INFO:colcon.colcon_core.shell:Creating package script '/home/robousr/scara_project/install/scara_robot/share/scara_robot/package.zsh'
[1.642s] Level 1:colcon.colcon_core.environment:create_file_with_runtime_dependencies(/home/robousr/scara_project/install/scara_robot/share/colcon-core/packages/scara_robot)
[1.643s] DEBUG:colcon.colcon_parallel_executor.executor.parallel:closing loop
[1.643s] DEBUG:colcon.colcon_parallel_executor.executor.parallel:loop closed
[1.643s] DEBUG:colcon.colcon_parallel_executor.executor.parallel:run_until_complete finished with '0'
[1.643s] DEBUG:colcon.colcon_core.event_reactor:joining thread
[1.649s] INFO:colcon.colcon_core.plugin_system:Skipping extension 'colcon_notification.desktop_notification.terminal_notifier': Not used on non-Darwin systems
[1.649s] INFO:colcon.colcon_core.plugin_system:Skipping extension 'colcon_notification.desktop_notification.win32': Not used on non-Windows systems
[1.649s] INFO:colcon.colcon_notification.desktop_notification:Sending desktop notification using 'notify2'
[1.664s] DEBUG:colcon.colcon_core.event_reactor:joined thread
[1.664s] INFO:colcon.colcon_core.shell:Creating prefix script '/home/robousr/scara_project/install/local_setup.ps1'
[1.665s] INFO:colcon.colcon_core.shell:Creating prefix util module '/home/robousr/scara_project/install/_local_setup_util_ps1.py'
[1.668s] INFO:colcon.colcon_core.shell:Creating prefix chain script '/home/robousr/scara_project/install/setup.ps1'
[1.669s] INFO:colcon.colcon_core.shell:Creating prefix script '/home/robousr/scara_project/install/local_setup.sh'
[1.670s] INFO:colcon.colcon_core.shell:Creating prefix util module '/home/robousr/scara_project/install/_local_setup_util_sh.py'
[1.671s] INFO:colcon.colcon_core.shell:Creating prefix chain script '/home/robousr/scara_project/install/setup.sh'
[1.673s] INFO:colcon.colcon_core.shell:Creating prefix script '/home/robousr/scara_project/install/local_setup.bash'
[1.674s] INFO:colcon.colcon_core.shell:Creating prefix chain script '/home/robousr/scara_project/install/setup.bash'
[1.678s] INFO:colcon.colcon_core.shell:Creating prefix script '/home/robousr/scara_project/install/local_setup.zsh'
[1.679s] INFO:colcon.colcon_core.shell:Creating prefix chain script '/home/robousr/scara_project/install/setup.zsh'
