[0.112s] DEBUG:colcon:Command line arguments: ['/usr/bin/colcon', 'build', '--packages-select', 'scara_robot', '--symlink-install']
[0.112s] DEBUG:colcon:Parsed command line arguments: Namespace(log_base=None, log_level=None, verb_name='build', build_base='build', install_base='install', merge_install=False, symlink_install=True, test_result_base=None, continue_on_error=False, executor='parallel', parallel_workers=4, event_handlers=None, ignore_user_meta=False, metas=['./colcon.meta'], base_paths=['.'], packages_ignore=None, packages_ignore_regex=None, paths=None, packages_up_to=None, packages_up_to_regex=None, packages_above=None, packages_above_and_dependencies=None, packages_above_depth=None, packages_select_by_dep=None, packages_skip_by_dep=None, packages_skip_up_to=None, packages_select_build_failed=False, packages_skip_build_finished=False, packages_select_test_failures=False, packages_skip_test_passed=False, packages_select=['scara_robot'], packages_skip=None, packages_select_regex=None, packages_skip_regex=None, packages_start=None, packages_end=None, allow_overriding=[], cmake_args=None, cmake_target=None, cmake_target_skip_unavailable=False, cmake_clean_cache=False, cmake_clean_first=False, cmake_force_configure=False, ament_cmake_args=None, catkin_cmake_args=None, catkin_skip_building_tests=False, mixin_files=None, mixin=None, verb_parser=<colcon_mixin.mixin.mixin_argument.MixinArgumentDecorator object at 0x74b71b790340>, verb_extension=<colcon_core.verb.build.BuildVerb object at 0x74b71b75bdc0>, main=<bound method BuildVerb.main of <colcon_core.verb.build.BuildVerb object at 0x74b71b75bdc0>>, mixin_verb=('build',))
[0.322s] Level 1:colcon.colcon_core.package_discovery:discover_packages(colcon_meta) check parameters
[0.322s] Level 1:colcon.colcon_core.package_discovery:discover_packages(recursive) check parameters
[0.322s] Level 1:colcon.colcon_core.package_discovery:discover_packages(ignore) check parameters
[0.322s] Level 1:colcon.colcon_core.package_discovery:discover_packages(path) check parameters
[0.322s] Level 1:colcon.colcon_core.package_discovery:discover_packages(colcon_meta) discover
[0.322s] Level 1:colcon.colcon_core.package_discovery:discover_packages(recursive) discover
[0.322s] INFO:colcon.colcon_core.package_discovery:Crawling recursively for packages in '/home/robousr/scara_project'
[0.322s] Level 1:colcon.colcon_core.package_identification:_identify(.) by extensions ['ignore', 'ignore_ament_install']
[0.323s] Level 1:colcon.colcon_core.package_identification:_identify(.) by extension 'ignore'
[0.323s] Level 1:colcon.colcon_core.package_identification:_identify(.) by extension 'ignore_ament_install'
[0.323s] Level 1:colcon.colcon_core.package_identification:_identify(.) by extensions ['colcon_pkg']
[0.323s] Level 1:colcon.colcon_core.package_identification:_identify(.) by extension 'colcon_pkg'
[0.323s] Level 1:colcon.colcon_core.package_identification:_identify(.) by extensions ['colcon_meta']
[0.323s] Level 1:colcon.colcon_core.package_identification:_identify(.) by extension 'colcon_meta'
[0.323s] Level 1:colcon.colcon_core.package_identification:_identify(.) by extensions ['ros']
[0.323s] Level 1:colcon.colcon_core.package_identification:_identify(.) by extension 'ros'
[0.342s] Level 1:colcon.colcon_core.package_identification:_identify(.) by extensions ['cmake', 'python']
[0.342s] Level 1:colcon.colcon_core.package_identification:_identify(.) by extension 'cmake'
[0.342s] Level 1:colcon.colcon_core.package_identification:_identify(.) by extension 'python'
[0.342s] Level 1:colcon.colcon_core.package_identification:_identify(.) by extensions ['python_setup_py']
[0.342s] Level 1:colcon.colcon_core.package_identification:_identify(.) by extension 'python_setup_py'
[0.342s] Level 1:colcon.colcon_core.package_identification:_identify(build) by extensions ['ignore', 'ignore_ament_install']
[0.342s] Level 1:colcon.colcon_core.package_identification:_identify(build) by extension 'ignore'
[0.342s] Level 1:colcon.colcon_core.package_identification:_identify(build) ignored
[0.342s] Level 1:colcon.colcon_core.package_identification:_identify(install) by extensions ['ignore', 'ignore_ament_install']
[0.342s] Level 1:colcon.colcon_core.package_identification:_identify(install) by extension 'ignore'
[0.343s] Level 1:colcon.colcon_core.package_identification:_identify(install) ignored
[0.343s] Level 1:colcon.colcon_core.package_identification:_identify(log) by extensions ['ignore', 'ignore_ament_install']
[0.343s] Level 1:colcon.colcon_core.package_identification:_identify(log) by extension 'ignore'
[0.343s] Level 1:colcon.colcon_core.package_identification:_identify(log) ignored
[0.343s] Level 1:colcon.colcon_core.package_identification:_identify(src) by extensions ['ignore', 'ignore_ament_install']
[0.343s] Level 1:colcon.colcon_core.package_identification:_identify(src) by extension 'ignore'
[0.343s] Level 1:colcon.colcon_core.package_identification:_identify(src) by extension 'ignore_ament_install'
[0.343s] Level 1:colcon.colcon_core.package_identification:_identify(src) by extensions ['colcon_pkg']
[0.343s] Level 1:colcon.colcon_core.package_identification:_identify(src) by extension 'colcon_pkg'
[0.343s] Level 1:colcon.colcon_core.package_identification:_identify(src) by extensions ['colcon_meta']
[0.343s] Level 1:colcon.colcon_core.package_identification:_identify(src) by extension 'colcon_meta'
[0.343s] Level 1:colcon.colcon_core.package_identification:_identify(src) by extensions ['ros']
[0.343s] Level 1:colcon.colcon_core.package_identification:_identify(src) by extension 'ros'
[0.343s] Level 1:colcon.colcon_core.package_identification:_identify(src) by extensions ['cmake', 'python']
[0.343s] Level 1:colcon.colcon_core.package_identification:_identify(src) by extension 'cmake'
[0.343s] Level 1:colcon.colcon_core.package_identification:_identify(src) by extension 'python'
[0.343s] Level 1:colcon.colcon_core.package_identification:_identify(src) by extensions ['python_setup_py']
[0.343s] Level 1:colcon.colcon_core.package_identification:_identify(src) by extension 'python_setup_py'
[0.343s] Level 1:colcon.colcon_core.package_identification:_identify(src/scara_robot) by extensions ['ignore', 'ignore_ament_install']
[0.343s] Level 1:colcon.colcon_core.package_identification:_identify(src/scara_robot) by extension 'ignore'
[0.344s] Level 1:colcon.colcon_core.package_identification:_identify(src/scara_robot) by extension 'ignore_ament_install'
[0.344s] Level 1:colcon.colcon_core.package_identification:_identify(src/scara_robot) by extensions ['colcon_pkg']
[0.344s] Level 1:colcon.colcon_core.package_identification:_identify(src/scara_robot) by extension 'colcon_pkg'
[0.344s] Level 1:colcon.colcon_core.package_identification:_identify(src/scara_robot) by extensions ['colcon_meta']
[0.344s] Level 1:colcon.colcon_core.package_identification:_identify(src/scara_robot) by extension 'colcon_meta'
[0.344s] Level 1:colcon.colcon_core.package_identification:_identify(src/scara_robot) by extensions ['ros']
[0.344s] Level 1:colcon.colcon_core.package_identification:_identify(src/scara_robot) by extension 'ros'
[0.346s] DEBUG:colcon.colcon_core.package_identification:Package 'src/scara_robot' with type 'ros.ament_python' and name 'scara_robot'
[0.346s] Level 1:colcon.colcon_core.package_discovery:discover_packages(recursive) using defaults
[0.347s] Level 1:colcon.colcon_core.package_discovery:discover_packages(ignore) discover
[0.347s] Level 1:colcon.colcon_core.package_discovery:discover_packages(ignore) using defaults
[0.347s] Level 1:colcon.colcon_core.package_discovery:discover_packages(path) discover
[0.347s] Level 1:colcon.colcon_core.package_discovery:discover_packages(path) using defaults
[0.365s] Level 1:colcon.colcon_core.package_discovery:discover_packages(prefix_path) check parameters
[0.365s] Level 1:colcon.colcon_core.package_discovery:discover_packages(prefix_path) discover
[0.367s] DEBUG:colcon.colcon_installed_package_information.package_discovery:Found 1 installed packages in /home/robousr/scara_project/install
[0.369s] DEBUG:colcon.colcon_installed_package_information.package_discovery:Found 432 installed packages in /opt/ros/humble
[0.374s] Level 1:colcon.colcon_core.package_discovery:discover_packages(prefix_path) using defaults
[0.426s] Level 5:colcon.colcon_core.verb:set package 'scara_robot' build argument 'cmake_args' from command line to 'None'
[0.426s] Level 5:colcon.colcon_core.verb:set package 'scara_robot' build argument 'cmake_target' from command line to 'None'
[0.426s] Level 5:colcon.colcon_core.verb:set package 'scara_robot' build argument 'cmake_target_skip_unavailable' from command line to 'False'
[0.426s] Level 5:colcon.colcon_core.verb:set package 'scara_robot' build argument 'cmake_clean_cache' from command line to 'False'
[0.426s] Level 5:colcon.colcon_core.verb:set package 'scara_robot' build argument 'cmake_clean_first' from command line to 'False'
[0.426s] Level 5:colcon.colcon_core.verb:set package 'scara_robot' build argument 'cmake_force_configure' from command line to 'False'
[0.426s] Level 5:colcon.colcon_core.verb:set package 'scara_robot' build argument 'ament_cmake_args' from command line to 'None'
[0.426s] Level 5:colcon.colcon_core.verb:set package 'scara_robot' build argument 'catkin_cmake_args' from command line to 'None'
[0.426s] Level 5:colcon.colcon_core.verb:set package 'scara_robot' build argument 'catkin_skip_building_tests' from command line to 'False'
[0.426s] DEBUG:colcon.colcon_core.verb:Building package 'scara_robot' with the following arguments: {'ament_cmake_args': None, 'build_base': '/home/robousr/scara_project/build/scara_robot', 'catkin_cmake_args': None, 'catkin_skip_building_tests': False, 'cmake_args': None, 'cmake_clean_cache': False, 'cmake_clean_first': False, 'cmake_force_configure': False, 'cmake_target': None, 'cmake_target_skip_unavailable': False, 'install_base': '/home/robousr/scara_project/install/scara_robot', 'merge_install': False, 'path': '/home/robousr/scara_project/src/scara_robot', 'symlink_install': True, 'test_result_base': None}
[0.426s] INFO:colcon.colcon_core.executor:Executing jobs using 'parallel' executor
[0.427s] DEBUG:colcon.colcon_parallel_executor.executor.parallel:run_until_complete
[0.427s] INFO:colcon.colcon_ros.task.ament_python.build:Building ROS package in '/home/robousr/scara_project/src/scara_robot' with build type 'ament_python'
[0.428s] Level 1:colcon.colcon_core.shell:create_environment_hook('scara_robot', 'ament_prefix_path')
[0.430s] INFO:colcon.colcon_core.plugin_system:Skipping extension 'colcon_core.shell.bat': Not used on non-Windows systems
[0.430s] INFO:colcon.colcon_core.shell:Creating environment hook '/home/robousr/scara_project/install/scara_robot/share/scara_robot/hook/ament_prefix_path.ps1'
[0.432s] INFO:colcon.colcon_core.shell:Creating environment descriptor '/home/robousr/scara_project/install/scara_robot/share/scara_robot/hook/ament_prefix_path.dsv'
[0.433s] INFO:colcon.colcon_core.shell:Creating environment hook '/home/robousr/scara_project/install/scara_robot/share/scara_robot/hook/ament_prefix_path.sh'
[0.434s] INFO:colcon.colcon_core.shell:Skip shell extension 'powershell' for command environment: Not usable outside of PowerShell
[0.434s] DEBUG:colcon.colcon_core.shell:Skip shell extension 'dsv' for command environment
[0.754s] INFO:colcon.colcon_core.task.python.build:Building Python package in '/home/robousr/scara_project/src/scara_robot'
[0.754s] INFO:colcon.colcon_core.shell:Skip shell extension 'powershell' for command environment: Not usable outside of PowerShell
[0.754s] DEBUG:colcon.colcon_core.shell:Skip shell extension 'dsv' for command environment
[1.175s] DEBUG:colcon.colcon_core.event_handler.log_command:Invoking command in '/home/robousr/scara_project/build/scara_robot': PYTHONPATH=/home/robousr/scara_project/build/scara_robot/prefix_override:/usr/lib/python3/dist-packages/colcon_core/task/python/colcon_distutils_commands:/home/robousr/scara_project/install/scara_robot/lib/python3.10/site-packages:${PYTHONPATH} /usr/bin/python3 -W ignore:setup.py install is deprecated -W ignore:easy_install command is deprecated setup.py develop --editable --build-directory /home/robousr/scara_project/build/scara_robot/build --no-deps symlink_data
[1.764s] Level 1:colcon.colcon_core.shell:create_environment_hook('scara_robot', 'pythonpath_develop')
[1.764s] INFO:colcon.colcon_core.shell:Creating environment hook '/home/robousr/scara_project/build/scara_robot/share/scara_robot/hook/pythonpath_develop.ps1'
[1.765s] DEBUG:colcon.colcon_core.event_handler.log_command:Invoked command in '/home/robousr/scara_project/build/scara_robot' returned '0': PYTHONPATH=/home/robousr/scara_project/build/scara_robot/prefix_override:/usr/lib/python3/dist-packages/colcon_core/task/python/colcon_distutils_commands:/home/robousr/scara_project/install/scara_robot/lib/python3.10/site-packages:${PYTHONPATH} /usr/bin/python3 -W ignore:setup.py install is deprecated -W ignore:easy_install command is deprecated setup.py develop --editable --build-directory /home/robousr/scara_project/build/scara_robot/build --no-deps symlink_data
[1.766s] INFO:colcon.colcon_core.shell:Creating environment descriptor '/home/robousr/scara_project/build/scara_robot/share/scara_robot/hook/pythonpath_develop.dsv'
[1.766s] INFO:colcon.colcon_core.shell:Creating environment hook '/home/robousr/scara_project/build/scara_robot/share/scara_robot/hook/pythonpath_develop.sh'
[1.769s] Level 1:colcon.colcon_core.environment:checking '/home/robousr/scara_project/install/scara_robot' for CMake module files
[1.769s] Level 1:colcon.colcon_core.environment:checking '/home/robousr/scara_project/install/scara_robot' for CMake config files
[1.770s] Level 1:colcon.colcon_core.environment:checking '/home/robousr/scara_project/install/scara_robot/lib'
[1.770s] Level 1:colcon.colcon_core.environment:checking '/home/robousr/scara_project/install/scara_robot/bin'
[1.770s] Level 1:colcon.colcon_core.shell:create_environment_hook('scara_robot', 'path')
[1.770s] INFO:colcon.colcon_core.shell:Creating environment hook '/home/robousr/scara_project/install/scara_robot/share/scara_robot/hook/path.ps1'
[1.771s] INFO:colcon.colcon_core.shell:Creating environment descriptor '/home/robousr/scara_project/install/scara_robot/share/scara_robot/hook/path.dsv'
[1.771s] INFO:colcon.colcon_core.shell:Creating environment hook '/home/robousr/scara_project/install/scara_robot/share/scara_robot/hook/path.sh'
[1.772s] Level 1:colcon.colcon_core.environment:checking '/home/robousr/scara_project/install/scara_robot/lib/pkgconfig/scara_robot.pc'
[1.772s] Level 1:colcon.colcon_core.environment:checking '/home/robousr/scara_project/install/scara_robot/lib/python3.10/site-packages'
[1.772s] Level 1:colcon.colcon_core.shell:create_environment_hook('scara_robot', 'pythonpath')
[1.772s] INFO:colcon.colcon_core.shell:Creating environment hook '/home/robousr/scara_project/install/scara_robot/share/scara_robot/hook/pythonpath.ps1'
[1.774s] INFO:colcon.colcon_core.shell:Creating environment descriptor '/home/robousr/scara_project/install/scara_robot/share/scara_robot/hook/pythonpath.dsv'
[1.774s] INFO:colcon.colcon_core.shell:Creating environment hook '/home/robousr/scara_project/install/scara_robot/share/scara_robot/hook/pythonpath.sh'
[1.776s] Level 1:colcon.colcon_core.environment:checking '/home/robousr/scara_project/install/scara_robot/bin'
[1.777s] Level 1:colcon.colcon_core.shell:create_environment_hook('scara_robot', 'pythonscriptspath')
[1.777s] INFO:colcon.colcon_core.shell:Creating environment hook '/home/robousr/scara_project/install/scara_robot/share/scara_robot/hook/pythonscriptspath.ps1'
[1.779s] INFO:colcon.colcon_core.shell:Creating environment descriptor '/home/robousr/scara_project/install/scara_robot/share/scara_robot/hook/pythonscriptspath.dsv'
[1.779s] INFO:colcon.colcon_core.shell:Creating environment hook '/home/robousr/scara_project/install/scara_robot/share/scara_robot/hook/pythonscriptspath.sh'
[1.780s] Level 1:colcon.colcon_core.environment:create_environment_scripts_only(scara_robot)
[1.780s] INFO:colcon.colcon_core.shell:Creating package script '/home/robousr/scara_project/install/scara_robot/share/scara_robot/package.ps1'
[1.781s] INFO:colcon.colcon_core.shell:Creating package descriptor '/home/robousr/scara_project/install/scara_robot/share/scara_robot/package.dsv'
[1.782s] INFO:colcon.colcon_core.shell:Creating package script '/home/robousr/scara_project/install/scara_robot/share/scara_robot/package.sh'
[1.783s] INFO:colcon.colcon_core.shell:Creating package script '/home/robousr/scara_project/install/scara_robot/share/scara_robot/package.bash'
[1.784s] INFO:colcon.colcon_core.shell:Creating package script '/home/robousr/scara_project/install/scara_robot/share/scara_robot/package.zsh'
[1.785s] Level 1:colcon.colcon_core.environment:create_file_with_runtime_dependencies(/home/robousr/scara_project/install/scara_robot/share/colcon-core/packages/scara_robot)
[1.785s] DEBUG:colcon.colcon_parallel_executor.executor.parallel:closing loop
[1.786s] DEBUG:colcon.colcon_parallel_executor.executor.parallel:loop closed
[1.786s] DEBUG:colcon.colcon_parallel_executor.executor.parallel:run_until_complete finished with '0'
[1.786s] DEBUG:colcon.colcon_core.event_reactor:joining thread
[1.791s] INFO:colcon.colcon_core.plugin_system:Skipping extension 'colcon_notification.desktop_notification.terminal_notifier': Not used on non-Darwin systems
[1.792s] INFO:colcon.colcon_core.plugin_system:Skipping extension 'colcon_notification.desktop_notification.win32': Not used on non-Windows systems
[1.792s] INFO:colcon.colcon_notification.desktop_notification:Sending desktop notification using 'notify2'
[1.806s] DEBUG:colcon.colcon_core.event_reactor:joined thread
[1.806s] INFO:colcon.colcon_core.shell:Creating prefix script '/home/robousr/scara_project/install/local_setup.ps1'
[1.807s] INFO:colcon.colcon_core.shell:Creating prefix util module '/home/robousr/scara_project/install/_local_setup_util_ps1.py'
[1.809s] INFO:colcon.colcon_core.shell:Creating prefix chain script '/home/robousr/scara_project/install/setup.ps1'
[1.810s] INFO:colcon.colcon_core.shell:Creating prefix script '/home/robousr/scara_project/install/local_setup.sh'
[1.811s] INFO:colcon.colcon_core.shell:Creating prefix util module '/home/robousr/scara_project/install/_local_setup_util_sh.py'
[1.812s] INFO:colcon.colcon_core.shell:Creating prefix chain script '/home/robousr/scara_project/install/setup.sh'
[1.813s] INFO:colcon.colcon_core.shell:Creating prefix script '/home/robousr/scara_project/install/local_setup.bash'
[1.814s] INFO:colcon.colcon_core.shell:Creating prefix chain script '/home/robousr/scara_project/install/setup.bash'
[1.815s] INFO:colcon.colcon_core.shell:Creating prefix script '/home/robousr/scara_project/install/local_setup.zsh'
[1.816s] INFO:colcon.colcon_core.shell:Creating prefix chain script '/home/robousr/scara_project/install/setup.zsh'
