[0.828s] Invoking command in '/home/robousr/scara_project/build/scara_robot': PYTHONPATH=/home/robousr/scara_project/build/scara_robot/prefix_override:/usr/lib/python3/dist-packages/colcon_core/task/python/colcon_distutils_commands:/home/robousr/scara_project/install/scara_robot/lib/python3.10/site-packages:${PYTHONPATH} /usr/bin/python3 -W ignore:setup.py install is deprecated -W ignore:easy_install command is deprecated setup.py develop --editable --build-directory /home/robousr/scara_project/build/scara_robot/build --no-deps symlink_data --force
[1.168s] running develop
[1.375s] running egg_info
[1.375s] writing scara_robot.egg-info/PKG-INFO
[1.376s] writing dependency_links to scara_robot.egg-info/dependency_links.txt
[1.376s] writing entry points to scara_robot.egg-info/entry_points.txt
[1.377s] writing requirements to scara_robot.egg-info/requires.txt
[1.377s] writing top-level names to scara_robot.egg-info/top_level.txt
[1.379s] reading manifest file 'scara_robot.egg-info/SOURCES.txt'
[1.380s] writing manifest file 'scara_robot.egg-info/SOURCES.txt'
[1.382s] running build_ext
[1.382s] Creating /home/robousr/scara_project/install/scara_robot/lib/python3.10/site-packages/scara-robot.egg-link (link to .)
[1.383s] Installing move_scara script to /home/robousr/scara_project/install/scara_robot/bin
[1.383s] 
[1.384s] Installed /home/robousr/scara_project/build/scara_robot
[1.384s] running symlink_data
[1.384s] symbolically linking /home/robousr/scara_project/build/scara_robot/resource/scara_robot -> /home/robousr/scara_project/install/scara_robot/share/ament_index/resource_index/packages
[1.384s] symbolically linking /home/robousr/scara_project/build/scara_robot/package.xml -> /home/robousr/scara_project/install/scara_robot/share/scara_robot
[1.385s] symbolically linking /home/robousr/scara_project/build/scara_robot/launch/view_scara.launch.py -> /home/robousr/scara_project/install/scara_robot/share/scara_robot/launch
[1.385s] symbolically linking /home/robousr/scara_project/build/scara_robot/urdf/scara.urdf -> /home/robousr/scara_project/install/scara_robot/share/scara_robot/urdf
[1.385s] symbolically linking /home/robousr/scara_project/build/scara_robot/rviz/scara.rviz -> /home/robousr/scara_project/install/scara_robot/share/scara_robot/rviz
[1.417s] Invoked command in '/home/robousr/scara_project/build/scara_robot' returned '0': PYTHONPATH=/home/robousr/scara_project/build/scara_robot/prefix_override:/usr/lib/python3/dist-packages/colcon_core/task/python/colcon_distutils_commands:/home/robousr/scara_project/install/scara_robot/lib/python3.10/site-packages:${PYTHONPATH} /usr/bin/python3 -W ignore:setup.py install is deprecated -W ignore:easy_install command is deprecated setup.py develop --editable --build-directory /home/robousr/scara_project/build/scara_robot/build --no-deps symlink_data --force
